Vista\wCompra$1.class
Vista\inicia.class
Vista\wCobros$1.class
Vista\usuario$12.class
Vista\inicia$17.class
Reportes\ReporteConexiones$5.class
Vista\wProductos2$1.class
Vista\wCuotas$7.class
Vista\wCompra$10.class
Vista\wConsumoAgua.class
Vista\wFacturaAgua$4.class
Vista\inicia$31.class
Reportes\Reporte$1.class
Vista\inicia$44.class
Reportes\ReporteLibroDiarioSAVP$3.class
Vista\proveedor$5.class
Reportes\ReporteReciboSAVP$4.class
Vista\inicia$1.class
Vista\inicia$6.class
Vista\clientes$4.class
Vista\wCobros$13.class
Reportes\facturaPorConsumoAgua$11.class
Vista\usuario$7.class
Vista\wProductos2$6.class
Vista\wConexionCategoria$1.class
Vista\wConexiones$11.class
Funciones\functions.class
Modelo\pVentaDet.class
Vista\wEmpresa$8.class
Vista\wCompra$6.class
Vista\wMoneda.class
Vista\wParametro$11.class
Vista\wActividadEconomica$1.class
Vista\wCompra$15.class
Vista\wCuotas$2.class
Modelo\pConexiones.class
Vista\wInmuebles$4.class
Vista\clientes$9.class
Vista\usuario$2.class
Vista\inicia$38.class
Vista\backup.class
Vista\w_buscar$5.class
Reportes\facturaPorConsumoAgua$5.class
Reportes\facturaPorConsumoAgua$16.class
Vista\wCobros$6.class
Vista\proveedor$14.class
Vista\wEmpresa$3.class
Vista\wCuotas.class
Vista\wMoneda$5.class
Vista\wActividadEconomica$3.class
Vista\wCiudad$2.class
Vista\wInmuebles$1.class
Modelo\Conexion.class
Vista\clientes$2.class
Vista\wParametro$9.class
Vista\wConsumoAgua$5.class
Vista\usuario$9.class
Vista\wActividadEconomica.class
Vista\wCompra$12.class
Vista\inicia$33.class
Vista\wGenerarFacturas$1.class
Vista\wCierreConexiones$2.class
Vista\inicia$28.class
Reportes\ReporteLibroDiarioSAVP$5.class
Vista\wConsumoAgua$2.class
Vista\inicia$10.class
Vista\proveedor$12.class
Vista\wPagos$2.class
Vista\cambiarpass$2.class
Vista\myInterface.class
Vista\wCompra$3.class
Vista\wTamanio$3.class
Vista\wConexiones$5.class
Vista\wPagos.class
Vista\wEmpresa$1.class
Vista\wEmpresa$10.class
Vista\wCaja.class
Vista\wCuotas$5.class
Vista\usuario$10.class
Vista\wCobros$3.class
Vista\inicia$12.class
Vista\wPagos$4.class
Vista\wConexiones$13.class
Vista\inicia$3.class
Modelo\pPagosD.class
Vista\inicia$36.class
Reportes\facturaPorConsumoAgua$14.class
Vista\wMoneda$3.class
Vista\wProductos2$4.class
Reportes\facturaPorConsumoAgua$7.class
Reportes\facturaPorConsumoAgua$13.class
Vista\wConexiones$3.class
Vista\wCompra$4.class
Vista\proveedor$11.class
Vista\wCierreConexionConsumo$2.class
Vista\w_buscar$2.class
Vista\wTalonario$3.class
Vista\proveedor$8.class
Vista\clientes$1.class
Vista\wFacturaAgua$1.class
Reportes\ReporteLibroDiarioSAVP$6.class
Vista\wMoneda$1.class
Vista\proveedor$2.class
Vista\inicia$41.class
Vista\wParametro$8.class
Vista\wCobros$4.class
Vista\wEmpresa$5.class
Vista\wParametro$2.class
Reportes\facturaPorConsumoAgua$3.class
Vista\respaldarBD.class
Reportes\ReporteReciboSAVP$6$1.class
Vista\inicia$42.class
Vista\wConexionCategoria$4.class
Vista\login$3.class
Reportes\ReporteConexiones.class
Vista\wTalonario$8.class
Reportes\facturaPorConsumoAgua$4.class
Vista\wEmpresa$4.class
Vista\wParametro$1.class
Vista\wGenerarFacturas$3.class
Vista\wConexiones$1.class
Vista\wPagos$1.class
Vista\inicia$39.class
Vista\backup$4.class
Vista\wTalonario$9.class
Vista\wFacturaAgua$2.class
Vista\wTalonario$2.class
Vista\login$4.class
Vista\wEmpresa$9.class
Vista\proveedor$7.class
Vista\wParametro$7.class
Vista\proveedor$1.class
Vista\wGenerarFacturas$2.class
Vista\wConexionCategoria$3.class
Vista\wCobros$8.class
Vista\wEmpresa$6.class
Vista\backup$3.class
Vista\clientes$5.class
Vista\wTalonario$7.class
Vista\wConexionCategoria$2.class
Vista\wParametro$6.class
Reportes\facturaPorConsumoAgua$2.class
Vista\proveedor$15.class
Vista\login$2.class
Vista\wCierreConexiones.class
Vista\wTamanio.class
Vista\wTalonario$4.class
Vista\usuario.class
Vista\wGenerarFacturas$4.class
Vista\proveedor$6.class
Vista\clientes$8.class
Reportes\facturaPorConsumoAgua$1.class
Vista\wParametro$4.class
Vista\proveedor$3.class
Vista\backup$2.class
Vista\wTalonario.class
Vista\wTalonario$5.class
Vista\clientes$7.class
Vista\wEmpresa.class
Vista\wEmpresa$7.class
Vista\wCobros$9.class
Vista\wParametro$3.class
Vista\backup$1.class
Vista\wTalonario$6.class
Vista\clientes$6.class
Vista\proveedor$4.class
Modelo\tableModel.class
Vista\wInmuebles$5.class
Vista\wConexiones$9.class
Reportes\facturaPorConsumoAgua$6.class
Vista\wConexionCategoria.class
Modelo\pComprasD.class
Vista\inicia$37.class
Vista\wCompra$16.class
Vista\wCaja$6.class
Vista\cambiarpass$1.class
Vista\wTamanio$4.class
Vista\inicia$11.class
Vista\w_buscar$6.class
Vista\inicia$24.class
Vista\login$1.class
Vista\wCierreConexionConsumo$1.class
Vista\wCiudad$3.class
Vista\wEmpresa$2.class
Vista\usuario$18.class
PersonalizarTabla\GestionEncabezadoTabla.class
Vista\wCobros.class
Vista\wInmuebles.class
Vista\wParametro$5.class
Vista\wCuotas$1.class
Vista\clientes$3.class
Vista\inicia$32.class
Vista\wCaja$1.class
Vista\wFacturaAgua$3.class
Vista\usuario$8.class
Vista\wCuotas$8.class
Vista\wCompra.class
Modelo\jTableModel.class
Vista\wConexiones$10.class
Reportes\ReporteDeMora$1.class
Vista\wProductos2$7.class
Vista\inicia$16.class
Vista\proveedor$13.class
Vista\usuario$1.class
Vista\wCobros$7.class
Vista\wCompra$2.class
Vista\wActividadEconomica$2.class
Vista\wCompra$7.class
Vista\inicia$43.class
Vista\usuario$13.class
Vista\wProductos2$2.class
Reportes\facturaPorConsumoAgua$10.class
Vista\inicia$5.class
Vista\wConsumoAgua$1.class
Reportes\ReporteDeMora.class
Vista\login.class
Vista\wConexiones$2.class
Reportes\facturaPorConsumoAgua$12.class
Vista\wProductos2$5.class
Vista\wCuotas$3.class
Reportes\ReporteDeMora$4$1.class
Vista\wCobros$12.class
Reportes\Reporte.class
Vista\wCobros$5.class
Vista\wCierreConexionConsumo$3.class
Vista\wCompra$5.class
Vista\proveedor$10.class
Vista\wCobros$2.class
Vista\wFacturaAgua.class
Vista\wPagos$5.class
Vista\proveedor$9.class
Vista\inicia$13.class
Reportes\ReporteLibroDiarioSAVP$2.class
Vista\clientes.class
Vista\wGenerarFacturas.class
Reportes\facturaPorConsumoAgua$15.class
Vista\usuario$11.class
Vista\wMoneda$2.class
Vista\wTalonario$1.class
Vista\inicia$29.class
Vista\wConsumoAgua$3.class
Reportes\facturaPorConsumoAgua$8.class
Vista\wCompra$11.class
Vista\wConexiones$4.class
Vista\w_buscar$1.class
Vista\wConexiones.class
Vista\w_buscar.class
Vista\wConexiones$12.class
Funciones\cargaComboBox.class
Vista\wPagos$3.class
Vista\wMoneda$4.class
Vista\inicia$35.class
Reportes\ReporteLibroDiarioSAVP$4.class
Vista\wFacturaAgua$5.class
Vista\inicia$2.class
Vista\wCuotas$6.class
Vista\wCiudad$1.class
Vista\wEmpresa$11.class
Vista\wConsumoAgua$4.class
Vista\wCierreConexiones$1.class
Vista\inicia$40.class
Vista\inicia$14.class
Vista\inicia$27.class
Vista\wCaja$14.class
Vista\wInmuebles$2.class
Reportes\ReporteReciboSAVP$1.class
Vista\respaldarBD$1.class
Vista\wCaja$9.class
Vista\wEmpresa$12.class
Vista\wParametro.class
Vista\inicia$9.class
Vista\inicia$34.class
Vista\proveedor.class
Vista\usuario$15.class
Vista\inicia$21.class
Vista\wPagos$6.class
Vista\wCompra$13.class
Vista\w_buscar$3.class
Vista\wConexiones$6.class
Reportes\ReporteLibroDiarioSAVP$6$1.class
Vista\wCuotas$4.class
Reportes\ReporteReciboSAVP.class
Vista\wCompra$19.class
Vista\wConexiones$14.class
Reportes\ReporteLibroDiarioSAVP.class
Vista\wActividadEconomica$4.class
Vista\wCierreConexionConsumo$4.class
Reportes\facturaPorConsumoAgua$9.class
Vista\wCaja$3.class
Vista\wCompra$9.class
Vista\wCobros$10.class
Vista\wProductos2$3.class
Reportes\ReporteConexiones$2.class
Vista\w_buscar$4.class
Reportes\ReporteLibroDiarioSAVP$1.class
Vista\wTamanio$2.class
Vista\wEmpresa$13.class
Vista\wCierreConexiones$3.class
Vista\inicia$26.class
Vista\inicia$4.class
Vista\wCaja$15.class
Vista\wMoneda$6.class
PersonalizarTabla\GestionCeldas.class
Vista\wTamanio$1.class
Controlador\tableController.class
Vista\wCobros$11.class
Reportes\facturaPorConsumoAgua$16$1.class
Vista\wCaja$2.class
Reportes\ReporteConexiones$5$1.class
Reportes\ReporteReciboSAVP$6.class
Vista\inicia$20.class
Vista\cambiarpass.class
Vista\wCompra$14.class
Vista\wInmuebles$3.class
Vista\inicia$15.class
Vista\wCaja$8.class
Vista\wConexiones$7.class
Vista\wCiudad.class
Vista\wMoneda$7.class
Vista\usuario$3.class
Modelo\pCuota.class
Reportes\ReporteReciboSAVP$5.class
Reportes\ReporteConexiones$1.class
Vista\wCompra$8.class
Vista\wCaja$10.class
Vista\usuario$6.class
Vista\wConexiones$8.class
Vista\wCaja$13.class
Vista\wCaja$7.class
Reportes\ReporteReciboSAVP$2.class
Vista\wParametro$10.class
Vista\w_buscar$7.class
Vista\usuario$14.class
Reportes\ReporteDeMora$2.class
Reportes\facturaPorConsumoAgua.class
Vista\inicia$25.class
Vista\inicia$30.class
Reportes\ReporteConexiones$3.class
Vista\usuario$17.class
Reportes\ReporteDeMora$4.class
Reportes\ReporteReciboSAVP$3.class
Vista\inicia$7.class
Vista\wInmuebles$7.class
Vista\inicia$22.class
Vista\wProductos2.class
Vista\wCierreConexionConsumo.class
Vista\usuario$4.class
Vista\respaldarBD$3.class
Vista\wCaja$12.class
Vista\inicia$19.class
Vista\wCaja$4.class
Vista\wCompra$18.class
Reportes\ReporteDeMora$3.class
Vista\inicia$23.class
Reportes\ReporteConexiones$4.class
Vista\usuario$16.class
Vista\wCompra$17.class
Vista\inicia$18.class
Vista\inicia$8.class
Vista\wInmuebles$6.class
Vista\respaldarBD$2.class
Vista\wCaja$5.class
Vista\wCaja$11.class
Modelo\pDetalleT.class
Vista\usuario$5.class
