C:\Users\User\Desktop\SAVP_Proyecto2\SAVP\src\main\java\Vista\wTamanio.java
C:\Users\User\Desktop\SAVP_Proyecto2\SAVP\src\main\java\Vista\wGenerarFacturas.java
C:\Users\User\Desktop\SAVP_Proyecto2\SAVP\src\main\java\Vista\usuario.java
C:\Users\User\Desktop\SAVP_Proyecto2\SAVP\src\main\java\Vista\wEmpresa.java
C:\Users\User\Desktop\SAVP_Proyecto2\SAVP\src\main\java\Vista\respaldarBD.java
C:\Users\User\Desktop\SAVP_Proyecto2\SAVP\src\main\java\Vista\wCaja.java
C:\Users\User\Desktop\SAVP_Proyecto2\SAVP\src\main\java\Vista\wCierreConexionConsumo.java
C:\Users\User\Desktop\SAVP_Proyecto2\SAVP\src\main\java\Vista\cambiarpass.java
C:\Users\User\Desktop\SAVP_Proyecto2\SAVP\src\main\java\Vista\wConexiones.java
C:\Users\User\Desktop\SAVP_Proyecto2\SAVP\src\main\java\Vista\w_buscar.java
C:\Users\User\Desktop\SAVP_Proyecto2\SAVP\src\main\java\PersonalizarTabla\GestionCeldas.java
C:\Users\User\Desktop\SAVP_Proyecto2\SAVP\src\main\java\Vista\wCobros.java
C:\Users\User\Desktop\SAVP_Proyecto2\SAVP\src\main\java\Vista\wTalonario.java
C:\Users\User\Desktop\SAVP_Proyecto2\SAVP\src\main\java\Funciones\cargaComboBox.java
C:\Users\User\Desktop\SAVP_Proyecto2\SAVP\src\main\java\Modelo\pCuota.java
C:\Users\User\Desktop\SAVP_Proyecto2\SAVP\src\main\java\Vista\wParametro.java
C:\Users\User\Desktop\SAVP_Proyecto2\SAVP\src\main\java\Vista\wProductos2.java
C:\Users\User\Desktop\SAVP_Proyecto2\SAVP\src\main\java\Vista\wInmuebles.java
C:\Users\User\Desktop\SAVP_Proyecto2\SAVP\src\main\java\Vista\clientes.java
C:\Users\User\Desktop\SAVP_Proyecto2\SAVP\src\main\java\Vista\backup.java
C:\Users\User\Desktop\SAVP_Proyecto2\SAVP\src\main\java\Vista\myInterface.java
C:\Users\User\Desktop\SAVP_Proyecto2\SAVP\src\main\java\Vista\wCiudad.java
C:\Users\User\Desktop\SAVP_Proyecto2\SAVP\src\main\java\Reportes\ReporteLibroDiarioSAVP.java
C:\Users\User\Desktop\SAVP_Proyecto2\SAVP\src\main\java\Modelo\Conexion.java
C:\Users\User\Desktop\SAVP_Proyecto2\SAVP\src\main\java\Vista\wConexionCategoria.java
C:\Users\User\Desktop\SAVP_Proyecto2\SAVP\src\main\java\PersonalizarTabla\GestionEncabezadoTabla.java
C:\Users\User\Desktop\SAVP_Proyecto2\SAVP\src\main\java\Vista\inicia.java
C:\Users\User\Desktop\SAVP_Proyecto2\SAVP\src\main\java\Vista\wCuotas.java
C:\Users\User\Desktop\SAVP_Proyecto2\SAVP\src\main\java\Reportes\ReporteReciboSAVP.java
C:\Users\User\Desktop\SAVP_Proyecto2\SAVP\src\main\java\Vista\wActividadEconomica.java
C:\Users\User\Desktop\SAVP_Proyecto2\SAVP\src\main\java\Modelo\jTableModel.java
C:\Users\User\Desktop\SAVP_Proyecto2\SAVP\src\main\java\Modelo\pVentaDet.java
C:\Users\User\Desktop\SAVP_Proyecto2\SAVP\src\main\java\Vista\wCompra.java
C:\Users\User\Desktop\SAVP_Proyecto2\SAVP\src\main\java\Modelo\tableModel.java
C:\Users\User\Desktop\SAVP_Proyecto2\SAVP\src\main\java\Reportes\Reporte.java
C:\Users\User\Desktop\SAVP_Proyecto2\SAVP\src\main\java\Vista\wPagos.java
C:\Users\User\Desktop\SAVP_Proyecto2\SAVP\src\main\java\Reportes\ReporteConexiones.java
C:\Users\User\Desktop\SAVP_Proyecto2\SAVP\src\main\java\Reportes\ReporteDeMora.java
C:\Users\User\Desktop\SAVP_Proyecto2\SAVP\src\main\java\Modelo\pPagosD.java
C:\Users\User\Desktop\SAVP_Proyecto2\SAVP\src\main\java\Modelo\pConexiones.java
C:\Users\User\Desktop\SAVP_Proyecto2\SAVP\src\main\java\Vista\login.java
C:\Users\User\Desktop\SAVP_Proyecto2\SAVP\src\main\java\Vista\wCierreConexiones.java
C:\Users\User\Desktop\SAVP_Proyecto2\SAVP\src\main\java\Vista\proveedor.java
C:\Users\User\Desktop\SAVP_Proyecto2\SAVP\src\main\java\Vista\wConsumoAgua.java
C:\Users\User\Desktop\SAVP_Proyecto2\SAVP\src\main\java\Funciones\functions.java
C:\Users\User\Desktop\SAVP_Proyecto2\SAVP\src\main\java\Controlador\tableController.java
C:\Users\User\Desktop\SAVP_Proyecto2\SAVP\src\main\java\Modelo\pComprasD.java
C:\Users\User\Desktop\SAVP_Proyecto2\SAVP\src\main\java\Vista\wFacturaAgua.java
C:\Users\User\Desktop\SAVP_Proyecto2\SAVP\src\main\java\Vista\wMoneda.java
C:\Users\User\Desktop\SAVP_Proyecto2\SAVP\src\main\java\Modelo\pDetalleT.java
C:\Users\User\Desktop\SAVP_Proyecto2\SAVP\src\main\java\Reportes\facturaPorConsumoAgua.java
